// Jest Snapshot v1, https://jestjs.io/docs/snapshot-testing

exports[`PasswordInput component should render properly 1`] = `
{
  "asFragment": [Function],
  "baseElement": <body>
    <div>
      <div>
        <label
          class="flex items-center gap-2 select-none group-data-[disabled=true]:pointer-events-none group-data-[disabled=true]:opacity-50 peer-disabled:cursor-not-allowed peer-disabled:opacity-50 text-md text-text-helper font-normal"
          data-slot="label"
        >
          Password
        </label>
        <div
          class="relative flex flex-col gap-2"
        >
          <input
            class="placeholder:text-helper dark:bg-input/30 flex h-9 w-full min-w-0 rounded-lg border px-3 py-1 text-base shadow-xs transition-[color,box-shadow] disabled:pointer-events-none disabled:cursor-not-allowed disabled:opacity-50 md:text-sm focus-visible:border-ring bg-transparent border-helper aria-invalid:ring-destructive/20 dark:aria-invalid:ring-destructive/40 aria-invalid:border-destructive mt-1"
            data-slot="input"
            type="password"
          />
          <div
            class="absolute top-1 right-0 flex items-center"
          >
            <button
              class="cursor-pointer inline-flex items-center justify-center gap-2 whitespace-nowrap rounded-md text-sm font-medium transition-all disabled:pointer-events-none disabled:opacity-50 [&_svg]:pointer-events-none [&_svg:not([class*='size-'])]:size-4 shrink-0 [&_svg]:shrink-0 outline-none focus-visible:border-ring focus-visible:ring-ring/50 focus-visible:ring-[3px] aria-invalid:ring-destructive/20 dark:aria-invalid:ring-destructive/40 aria-invalid:border-destructive hover:text-accent-foreground/50 h-9 px-4 py-2 has-[>svg]:px-3"
              data-slot="button"
              type="button"
            >
              <svg
                aria-hidden="true"
                class="lucide lucide-eye-closed"
                fill="none"
                height="24"
                stroke="currentColor"
                stroke-linecap="round"
                stroke-linejoin="round"
                stroke-width="2"
                viewBox="0 0 24 24"
                width="24"
                xmlns="http://www.w3.org/2000/svg"
              >
                <path
                  d="m15 18-.722-3.25"
                />
                <path
                  d="M2 8a10.645 10.645 0 0 0 20 0"
                />
                <path
                  d="m20 15-1.726-2.05"
                />
                <path
                  d="m4 15 1.726-2.05"
                />
                <path
                  d="m9 18 .722-3.25"
                />
              </svg>
            </button>
          </div>
        </div>
      </div>
    </div>
  </body>,
  "container": <div>
    <div>
      <label
        class="flex items-center gap-2 select-none group-data-[disabled=true]:pointer-events-none group-data-[disabled=true]:opacity-50 peer-disabled:cursor-not-allowed peer-disabled:opacity-50 text-md text-text-helper font-normal"
        data-slot="label"
      >
        Password
      </label>
      <div
        class="relative flex flex-col gap-2"
      >
        <input
          class="placeholder:text-helper dark:bg-input/30 flex h-9 w-full min-w-0 rounded-lg border px-3 py-1 text-base shadow-xs transition-[color,box-shadow] disabled:pointer-events-none disabled:cursor-not-allowed disabled:opacity-50 md:text-sm focus-visible:border-ring bg-transparent border-helper aria-invalid:ring-destructive/20 dark:aria-invalid:ring-destructive/40 aria-invalid:border-destructive mt-1"
          data-slot="input"
          type="password"
        />
        <div
          class="absolute top-1 right-0 flex items-center"
        >
          <button
            class="cursor-pointer inline-flex items-center justify-center gap-2 whitespace-nowrap rounded-md text-sm font-medium transition-all disabled:pointer-events-none disabled:opacity-50 [&_svg]:pointer-events-none [&_svg:not([class*='size-'])]:size-4 shrink-0 [&_svg]:shrink-0 outline-none focus-visible:border-ring focus-visible:ring-ring/50 focus-visible:ring-[3px] aria-invalid:ring-destructive/20 dark:aria-invalid:ring-destructive/40 aria-invalid:border-destructive hover:text-accent-foreground/50 h-9 px-4 py-2 has-[>svg]:px-3"
            data-slot="button"
            type="button"
          >
            <svg
              aria-hidden="true"
              class="lucide lucide-eye-closed"
              fill="none"
              height="24"
              stroke="currentColor"
              stroke-linecap="round"
              stroke-linejoin="round"
              stroke-width="2"
              viewBox="0 0 24 24"
              width="24"
              xmlns="http://www.w3.org/2000/svg"
            >
              <path
                d="m15 18-.722-3.25"
              />
              <path
                d="M2 8a10.645 10.645 0 0 0 20 0"
              />
              <path
                d="m20 15-1.726-2.05"
              />
              <path
                d="m4 15 1.726-2.05"
              />
              <path
                d="m9 18 .722-3.25"
              />
            </svg>
          </button>
        </div>
      </div>
    </div>
  </div>,
  "debug": [Function],
  "findAllByAltText": [Function],
  "findAllByDisplayValue": [Function],
  "findAllByLabelText": [Function],
  "findAllByPlaceholderText": [Function],
  "findAllByRole": [Function],
  "findAllByTestId": [Function],
  "findAllByText": [Function],
  "findAllByTitle": [Function],
  "findByAltText": [Function],
  "findByDisplayValue": [Function],
  "findByLabelText": [Function],
  "findByPlaceholderText": [Function],
  "findByRole": [Function],
  "findByTestId": [Function],
  "findByText": [Function],
  "findByTitle": [Function],
  "getAllByAltText": [Function],
  "getAllByDisplayValue": [Function],
  "getAllByLabelText": [Function],
  "getAllByPlaceholderText": [Function],
  "getAllByRole": [Function],
  "getAllByTestId": [Function],
  "getAllByText": [Function],
  "getAllByTitle": [Function],
  "getByAltText": [Function],
  "getByDisplayValue": [Function],
  "getByLabelText": [Function],
  "getByPlaceholderText": [Function],
  "getByRole": [Function],
  "getByTestId": [Function],
  "getByText": [Function],
  "getByTitle": [Function],
  "queryAllByAltText": [Function],
  "queryAllByDisplayValue": [Function],
  "queryAllByLabelText": [Function],
  "queryAllByPlaceholderText": [Function],
  "queryAllByRole": [Function],
  "queryAllByTestId": [Function],
  "queryAllByText": [Function],
  "queryAllByTitle": [Function],
  "queryByAltText": [Function],
  "queryByDisplayValue": [Function],
  "queryByLabelText": [Function],
  "queryByPlaceholderText": [Function],
  "queryByRole": [Function],
  "queryByTestId": [Function],
  "queryByText": [Function],
  "queryByTitle": [Function],
  "rerender": [Function],
  "unmount": [Function],
}
`;
